------------------------------------------------------------
Timing Analyzer Summary
------------------------------------------------------------

Type  : Slow 1200mV 85C Model Setup 'MAX10_CLK1_50'
Slack : 5.753
TNS   : 0.000

Type  : Slow 1200mV 85C Model Setup 'u0|sdram_plll|sd1|pll7|clk[0]'
Slack : 8.620
TNS   : 0.000

Type  : Slow 1200mV 85C Model Setup 'altera_reserved_tck'
Slack : 46.367
TNS   : 0.000

Type  : Slow 1200mV 85C Model Hold 'MAX10_CLK1_50'
Slack : 0.254
TNS   : 0.000

Type  : Slow 1200mV 85C Model Hold 'altera_reserved_tck'
Slack : 0.339
TNS   : 0.000

Type  : Slow 1200mV 85C Model Hold 'u0|sdram_plll|sd1|pll7|clk[0]'
Slack : 0.341
TNS   : 0.000

Type  : Slow 1200mV 85C Model Recovery 'MAX10_CLK1_50'
Slack : 14.372
TNS   : 0.000

Type  : Slow 1200mV 85C Model Recovery 'u0|sdram_plll|sd1|pll7|clk[0]'
Slack : 14.710
TNS   : 0.000

Type  : Slow 1200mV 85C Model Recovery 'altera_reserved_tck'
Slack : 48.371
TNS   : 0.000

Type  : Slow 1200mV 85C Model Removal 'altera_reserved_tck'
Slack : 1.180
TNS   : 0.000

Type  : Slow 1200mV 85C Model Removal 'u0|sdram_plll|sd1|pll7|clk[0]'
Slack : 3.137
TNS   : 0.000

Type  : Slow 1200mV 85C Model Removal 'MAX10_CLK1_50'
Slack : 3.139
TNS   : 0.000

Type  : Slow 1200mV 85C Model Minimum Pulse Width 'MAX10_CLK1_50'
Slack : 9.549
TNS   : 0.000

Type  : Slow 1200mV 85C Model Minimum Pulse Width 'u0|sdram_plll|sd1|pll7|clk[0]'
Slack : 9.706
TNS   : 0.000

Type  : Slow 1200mV 85C Model Minimum Pulse Width 'altera_reserved_tck'
Slack : 49.628
TNS   : 0.000

Type  : Slow 1200mV 0C Model Setup 'MAX10_CLK1_50'
Slack : 6.791
TNS   : 0.000

Type  : Slow 1200mV 0C Model Setup 'u0|sdram_plll|sd1|pll7|clk[0]'
Slack : 9.435
TNS   : 0.000

Type  : Slow 1200mV 0C Model Setup 'altera_reserved_tck'
Slack : 46.637
TNS   : 0.000

Type  : Slow 1200mV 0C Model Hold 'MAX10_CLK1_50'
Slack : 0.260
TNS   : 0.000

Type  : Slow 1200mV 0C Model Hold 'altera_reserved_tck'
Slack : 0.305
TNS   : 0.000

Type  : Slow 1200mV 0C Model Hold 'u0|sdram_plll|sd1|pll7|clk[0]'
Slack : 0.306
TNS   : 0.000

Type  : Slow 1200mV 0C Model Recovery 'MAX10_CLK1_50'
Slack : 14.844
TNS   : 0.000

Type  : Slow 1200mV 0C Model Recovery 'u0|sdram_plll|sd1|pll7|clk[0]'
Slack : 15.210
TNS   : 0.000

Type  : Slow 1200mV 0C Model Recovery 'altera_reserved_tck'
Slack : 48.519
TNS   : 0.000

Type  : Slow 1200mV 0C Model Removal 'altera_reserved_tck'
Slack : 1.093
TNS   : 0.000

Type  : Slow 1200mV 0C Model Removal 'u0|sdram_plll|sd1|pll7|clk[0]'
Slack : 2.825
TNS   : 0.000

Type  : Slow 1200mV 0C Model Removal 'MAX10_CLK1_50'
Slack : 2.852
TNS   : 0.000

Type  : Slow 1200mV 0C Model Minimum Pulse Width 'MAX10_CLK1_50'
Slack : 9.581
TNS   : 0.000

Type  : Slow 1200mV 0C Model Minimum Pulse Width 'u0|sdram_plll|sd1|pll7|clk[0]'
Slack : 9.692
TNS   : 0.000

Type  : Slow 1200mV 0C Model Minimum Pulse Width 'altera_reserved_tck'
Slack : 49.652
TNS   : 0.000

Type  : Fast 1200mV 0C Model Setup 'MAX10_CLK1_50'
Slack : 13.816
TNS   : 0.000

Type  : Fast 1200mV 0C Model Setup 'u0|sdram_plll|sd1|pll7|clk[0]'
Slack : 14.892
TNS   : 0.000

Type  : Fast 1200mV 0C Model Setup 'altera_reserved_tck'
Slack : 48.752
TNS   : 0.000

Type  : Fast 1200mV 0C Model Hold 'MAX10_CLK1_50'
Slack : 0.097
TNS   : 0.000

Type  : Fast 1200mV 0C Model Hold 'altera_reserved_tck'
Slack : 0.147
TNS   : 0.000

Type  : Fast 1200mV 0C Model Hold 'u0|sdram_plll|sd1|pll7|clk[0]'
Slack : 0.149
TNS   : 0.000

Type  : Fast 1200mV 0C Model Recovery 'MAX10_CLK1_50'
Slack : 17.206
TNS   : 0.000

Type  : Fast 1200mV 0C Model Recovery 'u0|sdram_plll|sd1|pll7|clk[0]'
Slack : 17.513
TNS   : 0.000

Type  : Fast 1200mV 0C Model Recovery 'altera_reserved_tck'
Slack : 49.527
TNS   : 0.000

Type  : Fast 1200mV 0C Model Removal 'altera_reserved_tck'
Slack : 0.505
TNS   : 0.000

Type  : Fast 1200mV 0C Model Removal 'u0|sdram_plll|sd1|pll7|clk[0]'
Slack : 1.515
TNS   : 0.000

Type  : Fast 1200mV 0C Model Removal 'MAX10_CLK1_50'
Slack : 1.532
TNS   : 0.000

Type  : Fast 1200mV 0C Model Minimum Pulse Width 'MAX10_CLK1_50'
Slack : 9.399
TNS   : 0.000

Type  : Fast 1200mV 0C Model Minimum Pulse Width 'u0|sdram_plll|sd1|pll7|clk[0]'
Slack : 9.720
TNS   : 0.000

Type  : Fast 1200mV 0C Model Minimum Pulse Width 'altera_reserved_tck'
Slack : 49.421
TNS   : 0.000

------------------------------------------------------------
