Flow report for lab61
Thu May 04 20:23:32 2023
Quartus Prime Version 18.1.0 Build 625 09/12/2018 SJ Lite Edition


---------------------
; Table of Contents ;
---------------------
  1. Legal Notice
  2. Flow Summary
  3. Flow Settings
  4. Flow Non-Default Global Settings
  5. Flow Elapsed Time
  6. Flow OS Summary
  7. Flow Log
  8. Flow Messages
  9. Flow Suppressed Messages



----------------
; Legal Notice ;
----------------
Copyright (C) 2018  Intel Corporation. All rights reserved.
Your use of Intel Corporation's design tools, logic functions 
and other software and tools, and its AMPP partner logic 
functions, and any output files from any of the foregoing 
(including device programming or simulation files), and any 
associated documentation or information are expressly subject 
to the terms and conditions of the Intel Program License 
Subscription Agreement, the Intel Quartus Prime License Agreement,
the Intel FPGA IP License Agreement, or other applicable license
agreement, including, without limitation, that your use is for
the sole purpose of programming logic devices manufactured by
Intel and sold by Intel or its authorized distributors.  Please
refer to the applicable agreement for further details.



+----------------------------------------------------------------------------------+
; Flow Summary                                                                     ;
+------------------------------------+---------------------------------------------+
; Flow Status                        ; Successful - Thu May 04 20:23:32 2023       ;
; Quartus Prime Version              ; 18.1.0 Build 625 09/12/2018 SJ Lite Edition ;
; Revision Name                      ; lab61                                       ;
; Top-level Entity Name              ; lab62                                       ;
; Family                             ; MAX 10                                      ;
; Device                             ; 10M50DAF484C7G                              ;
; Timing Models                      ; Final                                       ;
; Total logic elements               ; 4,765 / 49,760 ( 10 % )                     ;
;     Total combinational functions  ; 4,156 / 49,760 ( 8 % )                      ;
;     Dedicated logic registers      ; 2,603 / 49,760 ( 5 % )                      ;
; Total registers                    ; 2672                                        ;
; Total pins                         ; 141 / 360 ( 39 % )                          ;
; Total virtual pins                 ; 0                                           ;
; Total memory bits                  ; 1,240,192 / 1,677,312 ( 74 % )              ;
; Embedded Multiplier 9-bit elements ; 16 / 288 ( 6 % )                            ;
; Total PLLs                         ; 1 / 4 ( 25 % )                              ;
; UFM blocks                         ; 0 / 1 ( 0 % )                               ;
; ADC blocks                         ; 0 / 2 ( 0 % )                               ;
+------------------------------------+---------------------------------------------+


+-----------------------------------------+
; Flow Settings                           ;
+-------------------+---------------------+
; Option            ; Setting             ;
+-------------------+---------------------+
; Start date & time ; 05/04/2023 20:21:41 ;
; Main task         ; Compilation         ;
; Revision Name     ; lab61               ;
+-------------------+---------------------+


+-------------------------------------------------------------------------------------------------------------------------------------------------------+
; Flow Non-Default Global Settings                                                                                                                      ;
+-------------------------------------+------------------------------------------------------------+---------------+-------------------+----------------+
; Assignment Name                     ; Value                                                      ; Default Value ; Entity Name       ; Section Id     ;
+-------------------------------------+------------------------------------------------------------+---------------+-------------------+----------------+
; COMPILER_SIGNATURE_ID               ; 1097914347957.168324970108068                              ; --            ; --                ; --             ;
; EDA_OUTPUT_DATA_FORMAT              ; Systemverilog Hdl                                          ; --            ; --                ; eda_simulation ;
; EDA_SIMULATION_TOOL                 ; ModelSim-Altera (SystemVerilog)                            ; <None>        ; --                ; --             ;
; EDA_TIME_SCALE                      ; 1 ps                                                       ; --            ; --                ; eda_simulation ;
; MAX_CORE_JUNCTION_TEMP              ; 85                                                         ; --            ; --                ; --             ;
; MIN_CORE_JUNCTION_TEMP              ; 0                                                          ; --            ; --                ; --             ;
; MISC_FILE                           ; src/lab61_soc/synthesis/../lab62soc.cmp                    ; --            ; --                ; --             ;
; MISC_FILE                           ; src/lab61_soc/synthesis/../../lab62soc.qsys                ; --            ; --                ; --             ;
; OUTPUT_IO_TIMING_FAR_END_VMEAS      ; Half Signal Swing                                          ; --            ; --                ; --             ;
; OUTPUT_IO_TIMING_FAR_END_VMEAS      ; Half Signal Swing                                          ; --            ; --                ; --             ;
; OUTPUT_IO_TIMING_NEAR_END_VMEAS     ; Half Vccio                                                 ; --            ; --                ; --             ;
; OUTPUT_IO_TIMING_NEAR_END_VMEAS     ; Half Vccio                                                 ; --            ; --                ; --             ;
; PARTITION_COLOR                     ; -- (Not supported for targeted family)                     ; --            ; DE10_LITE_Default ; Top            ;
; PARTITION_COLOR                     ; -- (Not supported for targeted family)                     ; --            ; lab62             ; Top            ;
; PARTITION_FITTER_PRESERVATION_LEVEL ; -- (Not supported for targeted family)                     ; --            ; DE10_LITE_Default ; Top            ;
; PARTITION_FITTER_PRESERVATION_LEVEL ; -- (Not supported for targeted family)                     ; --            ; lab62             ; Top            ;
; PARTITION_NETLIST_TYPE              ; -- (Not supported for targeted family)                     ; --            ; DE10_LITE_Default ; Top            ;
; PARTITION_NETLIST_TYPE              ; -- (Not supported for targeted family)                     ; --            ; lab62             ; Top            ;
; POWER_BOARD_THERMAL_MODEL           ; None (CONSERVATIVE)                                        ; --            ; --                ; --             ;
; POWER_PRESET_COOLING_SOLUTION       ; 23 MM HEAT SINK WITH 200 LFPM AIRFLOW                      ; --            ; --                ; --             ;
; PROJECT_OUTPUT_DIRECTORY            ; output_files                                               ; --            ; --                ; --             ;
; SLD_FILE                            ; src/lab61_soc/synthesis/lab62soc.regmap                    ; --            ; --                ; --             ;
; SLD_FILE                            ; src/lab61_soc/synthesis/lab62soc.debuginfo                 ; --            ; --                ; --             ;
; SLD_INFO                            ; QSYS_NAME lab62soc HAS_SOPCINFO 1 GENERATION_ID 1679641023 ; --            ; lab62soc          ; --             ;
; SOPCINFO_FILE                       ; src/lab61_soc/synthesis/../../lab62soc.sopcinfo            ; --            ; --                ; --             ;
; SYNTHESIS_ONLY_QIP                  ; On                                                         ; --            ; --                ; --             ;
; TOP_LEVEL_ENTITY                    ; lab62                                                      ; lab61         ; --                ; --             ;
+-------------------------------------+------------------------------------------------------------+---------------+-------------------+----------------+


+--------------------------------------------------------------------------------------------------------------------------+
; Flow Elapsed Time                                                                                                        ;
+----------------------+--------------+-------------------------+---------------------+------------------------------------+
; Module Name          ; Elapsed Time ; Average Processors Used ; Peak Virtual Memory ; Total CPU Time (on all processors) ;
+----------------------+--------------+-------------------------+---------------------+------------------------------------+
; Analysis & Synthesis ; 00:00:50     ; 1.0                     ; 5129 MB             ; 00:00:49                           ;
; Fitter               ; 00:00:39     ; 1.8                     ; 6714 MB             ; 00:00:57                           ;
; Assembler            ; 00:00:04     ; 1.0                     ; 4721 MB             ; 00:00:04                           ;
; Timing Analyzer      ; 00:00:06     ; 3.4                     ; 5053 MB             ; 00:00:15                           ;
; EDA Netlist Writer   ; 00:00:03     ; 1.0                     ; 4754 MB             ; 00:00:03                           ;
; Total                ; 00:01:42     ; --                      ; --                  ; 00:02:08                           ;
+----------------------+--------------+-------------------------+---------------------+------------------------------------+


+------------------------------------------------------------------------------------+
; Flow OS Summary                                                                    ;
+----------------------+------------------+------------+------------+----------------+
; Module Name          ; Machine Hostname ; OS Name    ; OS Version ; Processor type ;
+----------------------+------------------+------------+------------+----------------+
; Analysis & Synthesis ; LAPTOP-VRU8UCET  ; Windows 10 ; 10.0       ; x86_64         ;
; Fitter               ; LAPTOP-VRU8UCET  ; Windows 10 ; 10.0       ; x86_64         ;
; Assembler            ; LAPTOP-VRU8UCET  ; Windows 10 ; 10.0       ; x86_64         ;
; Timing Analyzer      ; LAPTOP-VRU8UCET  ; Windows 10 ; 10.0       ; x86_64         ;
; EDA Netlist Writer   ; LAPTOP-VRU8UCET  ; Windows 10 ; 10.0       ; x86_64         ;
+----------------------+------------------+------------+------------+----------------+


------------
; Flow Log ;
------------
quartus_map --read_settings_files=on --write_settings_files=off soc_NIOS_II -c lab61
quartus_fit --read_settings_files=off --write_settings_files=off soc_NIOS_II -c lab61
quartus_asm --read_settings_files=off --write_settings_files=off soc_NIOS_II -c lab61
quartus_sta soc_NIOS_II -c lab61
quartus_eda --read_settings_files=off --write_settings_files=off soc_NIOS_II -c lab61



